// Jest Snapshot v1, https://goo.gl/fbAQLP

exports[`adding row block Should insert row block with the global inserter 1`] = `
"<!-- wp:wp-bootstrap-blocks/row -->
<!-- wp:wp-bootstrap-blocks/column {\\"sizeMd\\":6} /-->

<!-- wp:wp-bootstrap-blocks/column {\\"sizeMd\\":6} /-->
<!-- /wp:wp-bootstrap-blocks/row -->"
`;
